/Users/sichk/Documents/Programming/Projects/HealthSphere/HealthSphere_Backend/src/main/java/com/_olelllka/HealthSphere_Backend/HealthSphereBackendApplication.java
/Users/sichk/Documents/Programming/Projects/HealthSphere/HealthSphere_Backend/src/main/java/com/_olelllka/HealthSphere_Backend/configuration/ApplicationConfig.java
/Users/sichk/Documents/Programming/Projects/HealthSphere/HealthSphere_Backend/src/main/java/com/_olelllka/HealthSphere_Backend/configuration/CorsPolicyConfig.java
/Users/sichk/Documents/Programming/Projects/HealthSphere/HealthSphere_Backend/src/main/java/com/_olelllka/HealthSphere_Backend/configuration/JwtAuthFilter.java
/Users/sichk/Documents/Programming/Projects/HealthSphere/HealthSphere_Backend/src/main/java/com/_olelllka/HealthSphere_Backend/configuration/MapperConfig.java
/Users/sichk/Documents/Programming/Projects/HealthSphere/HealthSphere_Backend/src/main/java/com/_olelllka/HealthSphere_Backend/configuration/RabbitMQConfig.java
/Users/sichk/Documents/Programming/Projects/HealthSphere/HealthSphere_Backend/src/main/java/com/_olelllka/HealthSphere_Backend/configuration/WebSecurityConfig.java
/Users/sichk/Documents/Programming/Projects/HealthSphere/HealthSphere_Backend/src/main/java/com/_olelllka/HealthSphere_Backend/domain/documents/DoctorDocument.java
/Users/sichk/Documents/Programming/Projects/HealthSphere/HealthSphere_Backend/src/main/java/com/_olelllka/HealthSphere_Backend/domain/documents/DoctorRecordList.java
/Users/sichk/Documents/Programming/Projects/HealthSphere/HealthSphere_Backend/src/main/java/com/_olelllka/HealthSphere_Backend/domain/documents/MedicalRecordDocument.java
/Users/sichk/Documents/Programming/Projects/HealthSphere/HealthSphere_Backend/src/main/java/com/_olelllka/HealthSphere_Backend/domain/dto/ErrorMessage.java
/Users/sichk/Documents/Programming/Projects/HealthSphere/HealthSphere_Backend/src/main/java/com/_olelllka/HealthSphere_Backend/domain/dto/JwtToken.java
/Users/sichk/Documents/Programming/Projects/HealthSphere/HealthSphere_Backend/src/main/java/com/_olelllka/HealthSphere_Backend/domain/dto/auth/LoginForm.java
/Users/sichk/Documents/Programming/Projects/HealthSphere/HealthSphere_Backend/src/main/java/com/_olelllka/HealthSphere_Backend/domain/dto/auth/RegisterDoctorForm.java
/Users/sichk/Documents/Programming/Projects/HealthSphere/HealthSphere_Backend/src/main/java/com/_olelllka/HealthSphere_Backend/domain/dto/auth/RegisterPatientForm.java
/Users/sichk/Documents/Programming/Projects/HealthSphere/HealthSphere_Backend/src/main/java/com/_olelllka/HealthSphere_Backend/domain/dto/auth/UserDto.java
/Users/sichk/Documents/Programming/Projects/HealthSphere/HealthSphere_Backend/src/main/java/com/_olelllka/HealthSphere_Backend/domain/dto/doctors/DoctorDetailDto.java
/Users/sichk/Documents/Programming/Projects/HealthSphere/HealthSphere_Backend/src/main/java/com/_olelllka/HealthSphere_Backend/domain/dto/doctors/DoctorDocumentDto.java
/Users/sichk/Documents/Programming/Projects/HealthSphere/HealthSphere_Backend/src/main/java/com/_olelllka/HealthSphere_Backend/domain/dto/doctors/DoctorListDto.java
/Users/sichk/Documents/Programming/Projects/HealthSphere/HealthSphere_Backend/src/main/java/com/_olelllka/HealthSphere_Backend/domain/dto/doctors/SpecializationDto.java
/Users/sichk/Documents/Programming/Projects/HealthSphere/HealthSphere_Backend/src/main/java/com/_olelllka/HealthSphere_Backend/domain/dto/patients/PatientDto.java
/Users/sichk/Documents/Programming/Projects/HealthSphere/HealthSphere_Backend/src/main/java/com/_olelllka/HealthSphere_Backend/domain/dto/records/MedicalRecordDetailDto.java
/Users/sichk/Documents/Programming/Projects/HealthSphere/HealthSphere_Backend/src/main/java/com/_olelllka/HealthSphere_Backend/domain/dto/records/MedicalRecordDocumentDto.java
/Users/sichk/Documents/Programming/Projects/HealthSphere/HealthSphere_Backend/src/main/java/com/_olelllka/HealthSphere_Backend/domain/dto/records/MedicalRecordListDto.java
/Users/sichk/Documents/Programming/Projects/HealthSphere/HealthSphere_Backend/src/main/java/com/_olelllka/HealthSphere_Backend/domain/entity/AppointmentEntity.java
/Users/sichk/Documents/Programming/Projects/HealthSphere/HealthSphere_Backend/src/main/java/com/_olelllka/HealthSphere_Backend/domain/entity/DoctorEntity.java
/Users/sichk/Documents/Programming/Projects/HealthSphere/HealthSphere_Backend/src/main/java/com/_olelllka/HealthSphere_Backend/domain/entity/Gender.java
/Users/sichk/Documents/Programming/Projects/HealthSphere/HealthSphere_Backend/src/main/java/com/_olelllka/HealthSphere_Backend/domain/entity/MedicalRecordEntity.java
/Users/sichk/Documents/Programming/Projects/HealthSphere/HealthSphere_Backend/src/main/java/com/_olelllka/HealthSphere_Backend/domain/entity/PatientEntity.java
/Users/sichk/Documents/Programming/Projects/HealthSphere/HealthSphere_Backend/src/main/java/com/_olelllka/HealthSphere_Backend/domain/entity/PrescriptionEntity.java
/Users/sichk/Documents/Programming/Projects/HealthSphere/HealthSphere_Backend/src/main/java/com/_olelllka/HealthSphere_Backend/domain/entity/PrescriptionMedicineEntity.java
/Users/sichk/Documents/Programming/Projects/HealthSphere/HealthSphere_Backend/src/main/java/com/_olelllka/HealthSphere_Backend/domain/entity/Role.java
/Users/sichk/Documents/Programming/Projects/HealthSphere/HealthSphere_Backend/src/main/java/com/_olelllka/HealthSphere_Backend/domain/entity/SpecializationEntity.java
/Users/sichk/Documents/Programming/Projects/HealthSphere/HealthSphere_Backend/src/main/java/com/_olelllka/HealthSphere_Backend/domain/entity/Status.java
/Users/sichk/Documents/Programming/Projects/HealthSphere/HealthSphere_Backend/src/main/java/com/_olelllka/HealthSphere_Backend/domain/entity/UserEntity.java
/Users/sichk/Documents/Programming/Projects/HealthSphere/HealthSphere_Backend/src/main/java/com/_olelllka/HealthSphere_Backend/mapper/Mapper.java
/Users/sichk/Documents/Programming/Projects/HealthSphere/HealthSphere_Backend/src/main/java/com/_olelllka/HealthSphere_Backend/mapper/impl/DoctorDetailMapper.java
/Users/sichk/Documents/Programming/Projects/HealthSphere/HealthSphere_Backend/src/main/java/com/_olelllka/HealthSphere_Backend/mapper/impl/DoctorDocumentMapper.java
/Users/sichk/Documents/Programming/Projects/HealthSphere/HealthSphere_Backend/src/main/java/com/_olelllka/HealthSphere_Backend/mapper/impl/DoctorListMapper.java
/Users/sichk/Documents/Programming/Projects/HealthSphere/HealthSphere_Backend/src/main/java/com/_olelllka/HealthSphere_Backend/mapper/impl/MedicalRecordDetailMapper.java
/Users/sichk/Documents/Programming/Projects/HealthSphere/HealthSphere_Backend/src/main/java/com/_olelllka/HealthSphere_Backend/mapper/impl/MedicalRecordDocumentMapper.java
/Users/sichk/Documents/Programming/Projects/HealthSphere/HealthSphere_Backend/src/main/java/com/_olelllka/HealthSphere_Backend/mapper/impl/MedicalRecordListMapper.java
/Users/sichk/Documents/Programming/Projects/HealthSphere/HealthSphere_Backend/src/main/java/com/_olelllka/HealthSphere_Backend/mapper/impl/PatientMapper.java
/Users/sichk/Documents/Programming/Projects/HealthSphere/HealthSphere_Backend/src/main/java/com/_olelllka/HealthSphere_Backend/mapper/impl/SpecializationMapper.java
/Users/sichk/Documents/Programming/Projects/HealthSphere/HealthSphere_Backend/src/main/java/com/_olelllka/HealthSphere_Backend/repositories/DoctorElasticRepository.java
/Users/sichk/Documents/Programming/Projects/HealthSphere/HealthSphere_Backend/src/main/java/com/_olelllka/HealthSphere_Backend/repositories/DoctorRepository.java
/Users/sichk/Documents/Programming/Projects/HealthSphere/HealthSphere_Backend/src/main/java/com/_olelllka/HealthSphere_Backend/repositories/MedicalRecordElasticRepository.java
/Users/sichk/Documents/Programming/Projects/HealthSphere/HealthSphere_Backend/src/main/java/com/_olelllka/HealthSphere_Backend/repositories/MedicalRecordRepository.java
/Users/sichk/Documents/Programming/Projects/HealthSphere/HealthSphere_Backend/src/main/java/com/_olelllka/HealthSphere_Backend/repositories/PatientRepository.java
/Users/sichk/Documents/Programming/Projects/HealthSphere/HealthSphere_Backend/src/main/java/com/_olelllka/HealthSphere_Backend/repositories/UserRepository.java
/Users/sichk/Documents/Programming/Projects/HealthSphere/HealthSphere_Backend/src/main/java/com/_olelllka/HealthSphere_Backend/rest/controllers/AdviceController.java
/Users/sichk/Documents/Programming/Projects/HealthSphere/HealthSphere_Backend/src/main/java/com/_olelllka/HealthSphere_Backend/rest/controllers/DoctorController.java
/Users/sichk/Documents/Programming/Projects/HealthSphere/HealthSphere_Backend/src/main/java/com/_olelllka/HealthSphere_Backend/rest/controllers/MedicalRecordController.java
/Users/sichk/Documents/Programming/Projects/HealthSphere/HealthSphere_Backend/src/main/java/com/_olelllka/HealthSphere_Backend/rest/controllers/PatientController.java
/Users/sichk/Documents/Programming/Projects/HealthSphere/HealthSphere_Backend/src/main/java/com/_olelllka/HealthSphere_Backend/rest/controllers/UserController.java
/Users/sichk/Documents/Programming/Projects/HealthSphere/HealthSphere_Backend/src/main/java/com/_olelllka/HealthSphere_Backend/rest/exceptions/NotAuthorizedException.java
/Users/sichk/Documents/Programming/Projects/HealthSphere/HealthSphere_Backend/src/main/java/com/_olelllka/HealthSphere_Backend/rest/exceptions/NotFoundException.java
/Users/sichk/Documents/Programming/Projects/HealthSphere/HealthSphere_Backend/src/main/java/com/_olelllka/HealthSphere_Backend/rest/exceptions/ValidationException.java
/Users/sichk/Documents/Programming/Projects/HealthSphere/HealthSphere_Backend/src/main/java/com/_olelllka/HealthSphere_Backend/service/DoctorService.java
/Users/sichk/Documents/Programming/Projects/HealthSphere/HealthSphere_Backend/src/main/java/com/_olelllka/HealthSphere_Backend/service/JwtService.java
/Users/sichk/Documents/Programming/Projects/HealthSphere/HealthSphere_Backend/src/main/java/com/_olelllka/HealthSphere_Backend/service/MedicalRecordService.java
/Users/sichk/Documents/Programming/Projects/HealthSphere/HealthSphere_Backend/src/main/java/com/_olelllka/HealthSphere_Backend/service/PatientService.java
/Users/sichk/Documents/Programming/Projects/HealthSphere/HealthSphere_Backend/src/main/java/com/_olelllka/HealthSphere_Backend/service/UserService.java
/Users/sichk/Documents/Programming/Projects/HealthSphere/HealthSphere_Backend/src/main/java/com/_olelllka/HealthSphere_Backend/service/impl/DoctorServiceImpl.java
/Users/sichk/Documents/Programming/Projects/HealthSphere/HealthSphere_Backend/src/main/java/com/_olelllka/HealthSphere_Backend/service/impl/MedicalRecordServiceImpl.java
/Users/sichk/Documents/Programming/Projects/HealthSphere/HealthSphere_Backend/src/main/java/com/_olelllka/HealthSphere_Backend/service/impl/PatientServiceImpl.java
/Users/sichk/Documents/Programming/Projects/HealthSphere/HealthSphere_Backend/src/main/java/com/_olelllka/HealthSphere_Backend/service/impl/UserServiceImpl.java
/Users/sichk/Documents/Programming/Projects/HealthSphere/HealthSphere_Backend/src/main/java/com/_olelllka/HealthSphere_Backend/service/rabbitmq/DoctorMessageProducer.java
/Users/sichk/Documents/Programming/Projects/HealthSphere/HealthSphere_Backend/src/main/java/com/_olelllka/HealthSphere_Backend/service/rabbitmq/MedicalRecordMessageProducer.java
/Users/sichk/Documents/Programming/Projects/HealthSphere/HealthSphere_Backend/src/main/java/com/_olelllka/HealthSphere_Backend/service/rabbitmq/RabbitMessageConsumer.java
