com/_olelllka/HealthSphere_Backend/domain/documents/MedicalRecordDocument.class
com/_olelllka/HealthSphere_Backend/domain/dto/doctors/DoctorDocumentDto$DoctorDocumentDtoBuilder.class
com/_olelllka/HealthSphere_Backend/domain/documents/DoctorDocument.class
com/_olelllka/HealthSphere_Backend/repositories/MedicalRecordElasticRepository.class
com/_olelllka/HealthSphere_Backend/HealthSphereBackendApplication.class
com/_olelllka/HealthSphere_Backend/configuration/RabbitMQConfig.class
com/_olelllka/HealthSphere_Backend/domain/entity/SpecializationEntity$SpecializationEntityBuilder.class
com/_olelllka/HealthSphere_Backend/rest/controllers/PatientController.class
com/_olelllka/HealthSphere_Backend/domain/dto/doctors/DoctorDetailDto.class
com/_olelllka/HealthSphere_Backend/domain/dto/ErrorMessage.class
com/_olelllka/HealthSphere_Backend/rest/controllers/UserController.class
com/_olelllka/HealthSphere_Backend/mapper/impl/MedicalRecordListMapper.class
com/_olelllka/HealthSphere_Backend/domain/entity/SpecializationEntity.class
com/_olelllka/HealthSphere_Backend/service/UserService.class
com/_olelllka/HealthSphere_Backend/mapper/impl/MedicalRecordDetailMapper.class
com/_olelllka/HealthSphere_Backend/service/impl/PatientServiceImpl.class
com/_olelllka/HealthSphere_Backend/domain/dto/auth/RegisterPatientForm.class
com/_olelllka/HealthSphere_Backend/domain/dto/auth/UserDto$UserDtoBuilder.class
com/_olelllka/HealthSphere_Backend/rest/controllers/DoctorController.class
com/_olelllka/HealthSphere_Backend/configuration/JwtAuthFilter.class
com/_olelllka/HealthSphere_Backend/service/JwtService.class
com/_olelllka/HealthSphere_Backend/domain/entity/PrescriptionEntity.class
com/_olelllka/HealthSphere_Backend/mapper/impl/DoctorDetailMapper.class
com/_olelllka/HealthSphere_Backend/domain/dto/auth/RegisterDoctorForm$RegisterDoctorFormBuilder.class
com/_olelllka/HealthSphere_Backend/domain/entity/PatientEntity.class
com/_olelllka/HealthSphere_Backend/service/impl/MedicalRecordServiceImpl.class
com/_olelllka/HealthSphere_Backend/domain/dto/doctors/DoctorListDto$DoctorListDtoBuilder.class
com/_olelllka/HealthSphere_Backend/service/rabbitmq/MedicalRecordMessageProducer.class
com/_olelllka/HealthSphere_Backend/repositories/UserRepository.class
com/_olelllka/HealthSphere_Backend/domain/dto/doctors/DoctorListDto.class
com/_olelllka/HealthSphere_Backend/rest/exceptions/NotAuthorizedException.class
com/_olelllka/HealthSphere_Backend/domain/entity/AppointmentEntity$AppointmentEntityBuilder.class
com/_olelllka/HealthSphere_Backend/configuration/ApplicationConfig.class
com/_olelllka/HealthSphere_Backend/service/rabbitmq/RabbitMessageConsumer.class
com/_olelllka/HealthSphere_Backend/domain/entity/PrescriptionMedicineEntity.class
com/_olelllka/HealthSphere_Backend/domain/documents/DoctorRecordList.class
com/_olelllka/HealthSphere_Backend/domain/dto/doctors/DoctorDetailDto$DoctorDetailDtoBuilder.class
com/_olelllka/HealthSphere_Backend/domain/dto/records/MedicalRecordDocumentDto.class
com/_olelllka/HealthSphere_Backend/repositories/DoctorElasticRepository.class
com/_olelllka/HealthSphere_Backend/domain/dto/records/MedicalRecordListDto$MedicalRecordListDtoBuilder.class
com/_olelllka/HealthSphere_Backend/service/MedicalRecordService.class
com/_olelllka/HealthSphere_Backend/domain/entity/UserEntity$UserEntityBuilder.class
com/_olelllka/HealthSphere_Backend/domain/entity/DoctorEntity$DoctorEntityBuilder.class
com/_olelllka/HealthSphere_Backend/domain/dto/JwtToken.class
com/_olelllka/HealthSphere_Backend/service/PatientService.class
com/_olelllka/HealthSphere_Backend/mapper/impl/DoctorListMapper.class
com/_olelllka/HealthSphere_Backend/domain/documents/DoctorDocument$DoctorDocumentBuilder.class
com/_olelllka/HealthSphere_Backend/domain/dto/auth/RegisterDoctorForm.class
com/_olelllka/HealthSphere_Backend/repositories/DoctorRepository.class
com/_olelllka/HealthSphere_Backend/domain/entity/UserEntity.class
com/_olelllka/HealthSphere_Backend/domain/dto/auth/LoginForm$LoginFormBuilder.class
com/_olelllka/HealthSphere_Backend/domain/dto/records/DoctorRecordList.class
com/_olelllka/HealthSphere_Backend/rest/exceptions/NotFoundException.class
com/_olelllka/HealthSphere_Backend/service/impl/UserServiceImpl.class
com/_olelllka/HealthSphere_Backend/domain/dto/ErrorMessage$ErrorMessageBuilder.class
com/_olelllka/HealthSphere_Backend/configuration/MapperConfig.class
com/_olelllka/HealthSphere_Backend/domain/entity/Gender.class
com/_olelllka/HealthSphere_Backend/domain/dto/doctors/SpecializationDto$SpecializationDtoBuilder.class
com/_olelllka/HealthSphere_Backend/rest/exceptions/ValidationException.class
com/_olelllka/HealthSphere_Backend/domain/entity/AppointmentEntity.class
com/_olelllka/HealthSphere_Backend/rest/controllers/MedicalRecordController.class
com/_olelllka/HealthSphere_Backend/domain/dto/records/MedicalRecordDetailDto$MedicalRecordDetailDtoBuilder.class
com/_olelllka/HealthSphere_Backend/mapper/impl/PatientMapper.class
com/_olelllka/HealthSphere_Backend/domain/dto/records/MedicalRecordListDto.class
com/_olelllka/HealthSphere_Backend/service/rabbitmq/DoctorMessageProducer.class
com/_olelllka/HealthSphere_Backend/configuration/CorsPolicyConfig.class
com/_olelllka/HealthSphere_Backend/mapper/impl/DoctorDocumentMapper.class
com/_olelllka/HealthSphere_Backend/domain/entity/PatientEntity$PatientEntityBuilder.class
com/_olelllka/HealthSphere_Backend/domain/dto/doctors/SpecializationDto.class
com/_olelllka/HealthSphere_Backend/mapper/impl/MedicalRecordDocumentMapper.class
com/_olelllka/HealthSphere_Backend/domain/entity/PrescriptionMedicineEntity$PrescriptionMedicineEntityBuilder.class
com/_olelllka/HealthSphere_Backend/domain/documents/DoctorRecordList$DoctorRecordListBuilder.class
com/_olelllka/HealthSphere_Backend/domain/dto/auth/RegisterPatientForm$RegisterPatientFormBuilder.class
com/_olelllka/HealthSphere_Backend/domain/entity/MedicalRecordEntity.class
com/_olelllka/HealthSphere_Backend/domain/dto/records/MedicalRecordDocumentDto$MedicalRecordDocumentDtoBuilder.class
com/_olelllka/HealthSphere_Backend/domain/entity/Status.class
com/_olelllka/HealthSphere_Backend/domain/dto/auth/LoginForm.class
com/_olelllka/HealthSphere_Backend/service/DoctorService.class
com/_olelllka/HealthSphere_Backend/domain/dto/records/MedicalRecordDetailDto.class
com/_olelllka/HealthSphere_Backend/domain/dto/auth/UserDto.class
com/_olelllka/HealthSphere_Backend/rest/controllers/AdviceController.class
com/_olelllka/HealthSphere_Backend/domain/dto/doctors/DoctorDocumentDto.class
com/_olelllka/HealthSphere_Backend/configuration/WebSecurityConfig.class
com/_olelllka/HealthSphere_Backend/domain/documents/MedicalRecordDocument$MedicalRecordDocumentBuilder.class
com/_olelllka/HealthSphere_Backend/repositories/MedicalRecordRepository.class
com/_olelllka/HealthSphere_Backend/domain/dto/JwtToken$JwtTokenBuilder.class
com/_olelllka/HealthSphere_Backend/service/impl/DoctorServiceImpl.class
com/_olelllka/HealthSphere_Backend/domain/entity/MedicalRecordEntity$MedicalRecordEntityBuilder.class
com/_olelllka/HealthSphere_Backend/domain/dto/patients/PatientDto$PatientDtoBuilder.class
com/_olelllka/HealthSphere_Backend/mapper/Mapper.class
com/_olelllka/HealthSphere_Backend/domain/entity/Role.class
com/_olelllka/HealthSphere_Backend/domain/entity/DoctorEntity.class
com/_olelllka/HealthSphere_Backend/repositories/PatientRepository.class
com/_olelllka/HealthSphere_Backend/domain/dto/records/DoctorRecordList$DoctorRecordListBuilder.class
com/_olelllka/HealthSphere_Backend/domain/dto/patients/PatientDto.class
com/_olelllka/HealthSphere_Backend/domain/entity/PrescriptionEntity$PrescriptionEntityBuilder.class
