com/_olelllka/HealthSphere_Backend/mapper/MedicalRecordDetailMapperUnitTest.class
com/_olelllka/HealthSphere_Backend/service/rabbitmq/MedicalRecordMessageProducerUnitTest.class
com/_olelllka/HealthSphere_Backend/service/DoctorServiceUnitTest.class
com/_olelllka/HealthSphere_Backend/mapper/MedicalRecordListMapperUnitTest.class
com/_olelllka/HealthSphere_Backend/TestDataUtil.class
com/_olelllka/HealthSphere_Backend/controllers/DoctorControllerIntegrationTest.class
com/_olelllka/HealthSphere_Backend/controllers/PatientControllerIntegrationTest.class
com/_olelllka/HealthSphere_Backend/repositories/PatientRepositoryDataJpaTest.class
com/_olelllka/HealthSphere_Backend/HealthSphereBackendApplicationTests.class
com/_olelllka/HealthSphere_Backend/service/rabbitmq/DoctorMessageProducerUnitTest.class
com/_olelllka/HealthSphere_Backend/mapper/MedicalRecordDocumentMapperUnitTest.class
com/_olelllka/HealthSphere_Backend/service/MedicalRecordServiceUnitTest.class
com/_olelllka/HealthSphere_Backend/repositories/MedicalRecordElasticRepositoryIntegrationTest.class
com/_olelllka/HealthSphere_Backend/repositories/MedicalRecordRepositoryDataJpaTest.class
com/_olelllka/HealthSphere_Backend/service/JwtServiceUnitTest.class
com/_olelllka/HealthSphere_Backend/service/rabbitmq/RabbitMessageConsumerIntegrationTest.class
com/_olelllka/HealthSphere_Backend/mapper/PatientMapperUnitTest.class
com/_olelllka/HealthSphere_Backend/repositories/DoctorRepositoryDataJpaTest.class
com/_olelllka/HealthSphere_Backend/service/rabbitmq/RabbitMessageConsumerUnitTest.class
com/_olelllka/HealthSphere_Backend/mapper/DoctorDetailMapperUnitTest.class
com/_olelllka/HealthSphere_Backend/service/PatientServiceUnitTest.class
com/_olelllka/HealthSphere_Backend/mapper/DoctorListMapperUnitTest.class
com/_olelllka/HealthSphere_Backend/service/UserServiceImplUnitTest.class
com/_olelllka/HealthSphere_Backend/repositories/UserRepositoryDataJpaTest.class
com/_olelllka/HealthSphere_Backend/controllers/MedicalRecordControllerIntegrationTest.class
com/_olelllka/HealthSphere_Backend/mapper/DoctorDocumentMapperUnitTest.class
com/_olelllka/HealthSphere_Backend/controllers/UserControllerIntegrationTest.class
com/_olelllka/HealthSphere_Backend/configuration/JwtAuthFilterUnitTest.class
