/Users/sichk/Documents/Programming/Projects/HealthSphere/HealthSphere_Backend/src/test/java/com/_olelllka/HealthSphere_Backend/HealthSphereBackendApplicationTests.java
/Users/sichk/Documents/Programming/Projects/HealthSphere/HealthSphere_Backend/src/test/java/com/_olelllka/HealthSphere_Backend/TestDataUtil.java
/Users/sichk/Documents/Programming/Projects/HealthSphere/HealthSphere_Backend/src/test/java/com/_olelllka/HealthSphere_Backend/configuration/JwtAuthFilterUnitTest.java
/Users/sichk/Documents/Programming/Projects/HealthSphere/HealthSphere_Backend/src/test/java/com/_olelllka/HealthSphere_Backend/controllers/DoctorControllerIntegrationTest.java
/Users/sichk/Documents/Programming/Projects/HealthSphere/HealthSphere_Backend/src/test/java/com/_olelllka/HealthSphere_Backend/controllers/MedicalRecordControllerIntegrationTest.java
/Users/sichk/Documents/Programming/Projects/HealthSphere/HealthSphere_Backend/src/test/java/com/_olelllka/HealthSphere_Backend/controllers/PatientControllerIntegrationTest.java
/Users/sichk/Documents/Programming/Projects/HealthSphere/HealthSphere_Backend/src/test/java/com/_olelllka/HealthSphere_Backend/controllers/UserControllerIntegrationTest.java
/Users/sichk/Documents/Programming/Projects/HealthSphere/HealthSphere_Backend/src/test/java/com/_olelllka/HealthSphere_Backend/mapper/DoctorDetailMapperUnitTest.java
/Users/sichk/Documents/Programming/Projects/HealthSphere/HealthSphere_Backend/src/test/java/com/_olelllka/HealthSphere_Backend/mapper/DoctorDocumentMapperUnitTest.java
/Users/sichk/Documents/Programming/Projects/HealthSphere/HealthSphere_Backend/src/test/java/com/_olelllka/HealthSphere_Backend/mapper/DoctorListMapperUnitTest.java
/Users/sichk/Documents/Programming/Projects/HealthSphere/HealthSphere_Backend/src/test/java/com/_olelllka/HealthSphere_Backend/mapper/MedicalRecordDetailMapperUnitTest.java
/Users/sichk/Documents/Programming/Projects/HealthSphere/HealthSphere_Backend/src/test/java/com/_olelllka/HealthSphere_Backend/mapper/MedicalRecordDocumentMapperUnitTest.java
/Users/sichk/Documents/Programming/Projects/HealthSphere/HealthSphere_Backend/src/test/java/com/_olelllka/HealthSphere_Backend/mapper/MedicalRecordListMapperUnitTest.java
/Users/sichk/Documents/Programming/Projects/HealthSphere/HealthSphere_Backend/src/test/java/com/_olelllka/HealthSphere_Backend/mapper/PatientMapperUnitTest.java
/Users/sichk/Documents/Programming/Projects/HealthSphere/HealthSphere_Backend/src/test/java/com/_olelllka/HealthSphere_Backend/mapper/SpecializationMapperUnitTest.java
/Users/sichk/Documents/Programming/Projects/HealthSphere/HealthSphere_Backend/src/test/java/com/_olelllka/HealthSphere_Backend/repositories/DoctorElasticRepositoryIntegrationTest.java
/Users/sichk/Documents/Programming/Projects/HealthSphere/HealthSphere_Backend/src/test/java/com/_olelllka/HealthSphere_Backend/repositories/DoctorRepositoryDataJpaTest.java
/Users/sichk/Documents/Programming/Projects/HealthSphere/HealthSphere_Backend/src/test/java/com/_olelllka/HealthSphere_Backend/repositories/MedicalRecordElasticRepositoryIntegrationTest.java
/Users/sichk/Documents/Programming/Projects/HealthSphere/HealthSphere_Backend/src/test/java/com/_olelllka/HealthSphere_Backend/repositories/MedicalRecordRepositoryDataJpaTest.java
/Users/sichk/Documents/Programming/Projects/HealthSphere/HealthSphere_Backend/src/test/java/com/_olelllka/HealthSphere_Backend/repositories/PatientRepositoryDataJpaTest.java
/Users/sichk/Documents/Programming/Projects/HealthSphere/HealthSphere_Backend/src/test/java/com/_olelllka/HealthSphere_Backend/repositories/UserRepositoryDataJpaTest.java
/Users/sichk/Documents/Programming/Projects/HealthSphere/HealthSphere_Backend/src/test/java/com/_olelllka/HealthSphere_Backend/service/DoctorServiceUnitTest.java
/Users/sichk/Documents/Programming/Projects/HealthSphere/HealthSphere_Backend/src/test/java/com/_olelllka/HealthSphere_Backend/service/JwtServiceUnitTest.java
/Users/sichk/Documents/Programming/Projects/HealthSphere/HealthSphere_Backend/src/test/java/com/_olelllka/HealthSphere_Backend/service/MedicalRecordServiceUnitTest.java
/Users/sichk/Documents/Programming/Projects/HealthSphere/HealthSphere_Backend/src/test/java/com/_olelllka/HealthSphere_Backend/service/PatientServiceUnitTest.java
/Users/sichk/Documents/Programming/Projects/HealthSphere/HealthSphere_Backend/src/test/java/com/_olelllka/HealthSphere_Backend/service/UserServiceImplUnitTest.java
/Users/sichk/Documents/Programming/Projects/HealthSphere/HealthSphere_Backend/src/test/java/com/_olelllka/HealthSphere_Backend/service/rabbitmq/DoctorMessageProducerUnitTest.java
/Users/sichk/Documents/Programming/Projects/HealthSphere/HealthSphere_Backend/src/test/java/com/_olelllka/HealthSphere_Backend/service/rabbitmq/MedicalRecordMessageProducerUnitTest.java
/Users/sichk/Documents/Programming/Projects/HealthSphere/HealthSphere_Backend/src/test/java/com/_olelllka/HealthSphere_Backend/service/rabbitmq/RabbitMessageConsumerIntegrationTest.java
/Users/sichk/Documents/Programming/Projects/HealthSphere/HealthSphere_Backend/src/test/java/com/_olelllka/HealthSphere_Backend/service/rabbitmq/RabbitMessageConsumerUnitTest.java
